sql
	statement
		select
			value
				all
		from
			source
				table
					t
	order
		by
			desc
				primary
					field
						f
