sql
    statement
        select
            value
                primary
                    table field
                        dbo
                        t
                        f
        from
            source
                table
                    dbo
                    t