sql
	statement
		select
			value
				primary
					string: hello
