sql
    statement
        select
            value
                all
                    t
        from
            source
                table
                    t