sql
    statement
        select
            top 10
            value
                all