SELECT datediff(year, [dtStart], [dtStop]) AS [dt]
FROM [table]