WITH [a] AS (
SELECT 1
), [b] AS (
SELECT 2
)
SELECT *
FROM [a], [b]