SELECT [field]
FROM [table]
WHERE ([field1] = 1 AND [field2] = 2 AND [field3] = 3)