SELECT *
FROM [t1]
RIGHT JOIN [t2] ON [t2].[key] = [t1].[key]