SELECT *
FROM [t1]
ORDER BY [field]
OFFSET 10 ROWS
FETCH NEXT 5 ROWS ONLY