SELECT *
FROM [t1]
ORDER BY [field]
OFFSET 10 ROWS