SELECT [field]
FROM [table]
WHERE ([field1] = 1 OR [field2] = 2)