SELECT 1
FROM [a]
LEFT JOIN [b] ON [b].[id] = [a].[id]