SELECT *
FROM [table1]
JOIN [table2] ON [table1].[key] = [table2].[key]
WHERE [table1].[key] = 1