SELECT *
FROM [t1]
LEFT JOIN [t2] ON [t2].[key] = [t1].[key]