statement
	select
		value
			all
	from
		source
			primary
				t
	order
		order
			desc
				primary
					field
						f