sql
	statement
		select
			value
				all
		from
			source
				primary
					t
