statement
	select
		value
			primary
				field
					f
