statement
	select
		value
			primary
				numeric: 1
			+
			primary
				numeric: 2
