sql
	statement
		select
			value
				primary
					numeric: 1
	union
	statement
		select
			value
				primary
					numeric: 2
