statement
	select
		value
			primary
				function
