sql
	statement
		select
			value
				all
					alias
		from
			source
				aliased
					table
						t
					alias
