statement
	select
		value
			primary
				numeric: 1
