sql
	statement
		select
			value
				all
		from
			source
				table
					t
