sql
    statement
        select
            value
                primary
                    table field
                        t
                        f