SELECT fnc(int, float, datetime, varchar, varchar(64), varchar(MAX))