SELECT [alias].*
FROM (
SELECT *
FROM [table]
) AS [alias]